// Jest Snapshot v1, https://goo.gl/fbAQLP

exports[`App App make snapshot 1`] = `
<Provider
  store={
    Object {
      "@@observable": [Function],
      "dispatch": [Function],
      "getState": [Function],
      "replaceReducer": [Function],
      "subscribe": [Function],
    }
  }
>
  <BrowserRouter>
    <App />
  </BrowserRouter>
</Provider>
`;
