// Jest Snapshot v1, https://goo.gl/fbAQLP

exports[`ButtonMore it should match a snapshot 1`] = `
<div
  className="sc-bczRLJ feClbC container"
>
  <button
    className="w-100 mb-3 btn btn-primary btn-lg"
    disabled={false}
    onClick={[Function]}
    type="button"
  >
    Показать еще 5 билетов!
  </button>
</div>
`;

exports[`ButtonMore match snapshot 1`] = `
<div
  className="sc-bczRLJ feClbC container"
>
  <button
    className="w-100 mb-3 btn btn-primary btn-lg"
    disabled={false}
    onClick={[Function]}
    type="button"
  >
    Показать еще 5 билетов!
  </button>
</div>
`;
