// Jest Snapshot v1, https://goo.gl/fbAQLP

exports[`Header match snapshot 1`] = `
<div
  className="d-flex justify-content-center py-5 container"
>
  <img
    alt="logo"
    className=""
    src="header_logo.svg"
  />
</div>
`;
