// Jest Snapshot v1, https://goo.gl/fbAQLP

exports[`TicketList match snapshot 1`] = `
<div
  className="container"
>
  <div
    className="sc-hKMtZM dtidkA mb-3 p-4 bg-white rounded vstack gap-3"
  >
    <div
      className="d-flex justify-content-between align-items-center container"
    >
      <span
        className="price"
      >
        20 210 P
      </span>
      <img
        alt="airline_log"
        className=""
        src="airlines_logo.png"
      />
    </div>
    <div
      className="d-flex justify-content-between container"
    >
      <div
        className="d-flex flex-column p-0 container"
      >
        <span
          className="title"
        >
          AA-BB
        </span>
        <span
          className="info"
        >
          NaN:NaN - NaN:NaN
        </span>
      </div>
      <div
        className="d-flex flex-column p-0 container"
      >
        <span
          className="title text-uppercase"
        >
          В пути
        </span>
        <span
          className="info"
        >
          1ч 40м
        </span>
      </div>
      <div
        className="d-flex flex-column p-0 container"
      >
        <span
          className="title text-uppercase"
        >
          0 пересадок
        </span>
        <span
          className="info"
        />
      </div>
    </div>
    <div
      className="d-flex justify-content-between container"
    >
      <div
        className="d-flex flex-column p-0 container"
      >
        <span
          className="title"
        >
          AA-BB
        </span>
        <span
          className="info"
        >
          NaN:NaN - NaN:NaN
        </span>
      </div>
      <div
        className="d-flex flex-column p-0 container"
      >
        <span
          className="title text-uppercase"
        >
          В пути
        </span>
        <span
          className="info"
        >
          0ч 50м
        </span>
      </div>
      <div
        className="d-flex flex-column p-0 container"
      >
        <span
          className="title text-uppercase"
        >
          0 пересадок
        </span>
        <span
          className="info"
        />
      </div>
    </div>
  </div>
  <div
    className="sc-hKMtZM dtidkA mb-3 p-4 bg-white rounded vstack gap-3"
  >
    <div
      className="d-flex justify-content-between align-items-center container"
    >
      <span
        className="price"
      >
        22 000 P
      </span>
      <img
        alt="airline_log"
        className=""
        src="airlines_logo.png"
      />
    </div>
    <div
      className="d-flex justify-content-between container"
    >
      <div
        className="d-flex flex-column p-0 container"
      >
        <span
          className="title"
        >
          AA-BB
        </span>
        <span
          className="info"
        >
          NaN:NaN - NaN:NaN
        </span>
      </div>
      <div
        className="d-flex flex-column p-0 container"
      >
        <span
          className="title text-uppercase"
        >
          В пути
        </span>
        <span
          className="info"
        >
          2ч 5м
        </span>
      </div>
      <div
        className="d-flex flex-column p-0 container"
      >
        <span
          className="title text-uppercase"
        >
          1 пересадка
        </span>
        <span
          className="info"
        >
          CC
        </span>
      </div>
    </div>
    <div
      className="d-flex justify-content-between container"
    >
      <div
        className="d-flex flex-column p-0 container"
      >
        <span
          className="title"
        >
          AA-BB
        </span>
        <span
          className="info"
        >
          NaN:NaN - NaN:NaN
        </span>
      </div>
      <div
        className="d-flex flex-column p-0 container"
      >
        <span
          className="title text-uppercase"
        >
          В пути
        </span>
        <span
          className="info"
        >
          2ч 50м
        </span>
      </div>
      <div
        className="d-flex flex-column p-0 container"
      >
        <span
          className="title text-uppercase"
        >
          1 пересадка
        </span>
        <span
          className="info"
        >
          CC
        </span>
      </div>
    </div>
  </div>
  <div
    className="sc-hKMtZM dtidkA mb-3 p-4 bg-white rounded vstack gap-3"
  >
    <div
      className="d-flex justify-content-between align-items-center container"
    >
      <span
        className="price"
      >
        19 000 P
      </span>
      <img
        alt="airline_log"
        className=""
        src="airlines_logo.png"
      />
    </div>
    <div
      className="d-flex justify-content-between container"
    >
      <div
        className="d-flex flex-column p-0 container"
      >
        <span
          className="title"
        >
          AA-BB
        </span>
        <span
          className="info"
        >
          NaN:NaN - NaN:NaN
        </span>
      </div>
      <div
        className="d-flex flex-column p-0 container"
      >
        <span
          className="title text-uppercase"
        >
          В пути
        </span>
        <span
          className="info"
        >
          0ч 20м
        </span>
      </div>
      <div
        className="d-flex flex-column p-0 container"
      >
        <span
          className="title text-uppercase"
        >
          2 пересадки
        </span>
        <span
          className="info"
        >
          AB,BC
        </span>
      </div>
    </div>
    <div
      className="d-flex justify-content-between container"
    >
      <div
        className="d-flex flex-column p-0 container"
      >
        <span
          className="title"
        >
          CV-VC
        </span>
        <span
          className="info"
        >
          NaN:NaN - NaN:NaN
        </span>
      </div>
      <div
        className="d-flex flex-column p-0 container"
      >
        <span
          className="title text-uppercase"
        >
          В пути
        </span>
        <span
          className="info"
        >
          0ч 10м
        </span>
      </div>
      <div
        className="d-flex flex-column p-0 container"
      >
        <span
          className="title text-uppercase"
        >
          2 пересадки
        </span>
        <span
          className="info"
        >
          GB,BG
        </span>
      </div>
    </div>
  </div>
  <div
    className="sc-hKMtZM dtidkA mb-3 p-4 bg-white rounded vstack gap-3"
  >
    <div
      className="d-flex justify-content-between align-items-center container"
    >
      <span
        className="price"
      >
        23 400 P
      </span>
      <img
        alt="airline_log"
        className=""
        src="airlines_logo.png"
      />
    </div>
    <div
      className="d-flex justify-content-between container"
    >
      <div
        className="d-flex flex-column p-0 container"
      >
        <span
          className="title"
        >
          MS-VC
        </span>
        <span
          className="info"
        >
          NaN:NaN - NaN:NaN
        </span>
      </div>
      <div
        className="d-flex flex-column p-0 container"
      >
        <span
          className="title text-uppercase"
        >
          В пути
        </span>
        <span
          className="info"
        >
          0ч 10м
        </span>
      </div>
      <div
        className="d-flex flex-column p-0 container"
      >
        <span
          className="title text-uppercase"
        >
          3 пересадки
        </span>
        <span
          className="info"
        >
          AB,BC,CC
        </span>
      </div>
    </div>
    <div
      className="d-flex justify-content-between container"
    >
      <div
        className="d-flex flex-column p-0 container"
      >
        <span
          className="title"
        >
          CV-VC
        </span>
        <span
          className="info"
        >
          NaN:NaN - NaN:NaN
        </span>
      </div>
      <div
        className="d-flex flex-column p-0 container"
      >
        <span
          className="title text-uppercase"
        >
          В пути
        </span>
        <span
          className="info"
        >
          0ч 10м
        </span>
      </div>
      <div
        className="d-flex flex-column p-0 container"
      >
        <span
          className="title text-uppercase"
        >
          3 пересадки
        </span>
        <span
          className="info"
        >
          GB,BG,CC
        </span>
      </div>
    </div>
  </div>
</div>
`;
